EQUAL(lineNum:1, charPos:1)
ASSIGN(lineNum:2, charPos:1)
EOF(lineNum:3, charPos:1)
